------------------------------------------------------------
Timing Analyzer Summary
------------------------------------------------------------

Type  : Slow 1100mV 85C Model Setup 'clock'
Slack : -4.228
TNS   : -634.881

Type  : Slow 1100mV 85C Model Hold 'clock'
Slack : 0.332
TNS   : 0.000

Type  : Slow 1100mV 85C Model Minimum Pulse Width 'clock'
Slack : -2.174
TNS   : -484.708

Type  : Slow 1100mV 0C Model Setup 'clock'
Slack : -4.356
TNS   : -615.752

Type  : Slow 1100mV 0C Model Hold 'clock'
Slack : 0.261
TNS   : 0.000

Type  : Slow 1100mV 0C Model Minimum Pulse Width 'clock'
Slack : -2.174
TNS   : -473.652

Type  : Fast 1100mV 85C Model Setup 'clock'
Slack : -2.113
TNS   : -275.040

Type  : Fast 1100mV 85C Model Hold 'clock'
Slack : 0.177
TNS   : 0.000

Type  : Fast 1100mV 85C Model Minimum Pulse Width 'clock'
Slack : -2.174
TNS   : -444.730

Type  : Fast 1100mV 0C Model Setup 'clock'
Slack : -1.969
TNS   : -235.397

Type  : Fast 1100mV 0C Model Hold 'clock'
Slack : 0.149
TNS   : 0.000

Type  : Fast 1100mV 0C Model Minimum Pulse Width 'clock'
Slack : -2.174
TNS   : -467.220

------------------------------------------------------------
