------------------------------------------------------------
Timing Analyzer Summary
------------------------------------------------------------

Type  : Slow 1100mV 85C Model Setup 'SCOMP:inst|IO_CYCLE'
Slack : -11.913
TNS   : -406.525

Type  : Slow 1100mV 85C Model Setup 'inst1|pll_main_inst|altera_pll_i|general[0].gpll~PLL_OUTPUT_COUNTER|divclk'
Slack : -8.168
TNS   : -517.264

Type  : Slow 1100mV 85C Model Setup 'clk_div:inst5|clock_10Hz'
Slack : -1.444
TNS   : -31.388

Type  : Slow 1100mV 85C Model Hold 'inst1|pll_main_inst|altera_pll_i|general[0].gpll~PLL_OUTPUT_COUNTER|divclk'
Slack : -4.531
TNS   : -61.729

Type  : Slow 1100mV 85C Model Hold 'SCOMP:inst|IO_CYCLE'
Slack : -2.111
TNS   : -10.881

Type  : Slow 1100mV 85C Model Hold 'clk_div:inst5|clock_10Hz'
Slack : 0.313
TNS   : 0.000

Type  : Slow 1100mV 85C Model Recovery 'clk_div:inst5|clock_10Hz'
Slack : -8.537
TNS   : -238.966

Type  : Slow 1100mV 85C Model Removal 'clk_div:inst5|clock_10Hz'
Slack : 0.852
TNS   : 0.000

Type  : Slow 1100mV 85C Model Minimum Pulse Width 'SCOMP:inst|IO_CYCLE'
Slack : -0.394
TNS   : -25.766

Type  : Slow 1100mV 85C Model Minimum Pulse Width 'clk_div:inst5|clock_10Hz'
Slack : -0.394
TNS   : -14.285

Type  : Slow 1100mV 85C Model Minimum Pulse Width 'inst1|pll_main_inst|altera_pll_i|general[0].gpll~FRACTIONAL_PLL|vcoph[0]'
Slack : 1.666
TNS   : 0.000

Type  : Slow 1100mV 85C Model Minimum Pulse Width 'clock_50'
Slack : 9.670
TNS   : 0.000

Type  : Slow 1100mV 85C Model Minimum Pulse Width 'inst1|pll_main_inst|altera_pll_i|general[0].gpll~PLL_OUTPUT_COUNTER|divclk'
Slack : 48.779
TNS   : 0.000

Type  : Slow 1100mV 0C Model Setup 'SCOMP:inst|IO_CYCLE'
Slack : -11.847
TNS   : -404.102

Type  : Slow 1100mV 0C Model Setup 'inst1|pll_main_inst|altera_pll_i|general[0].gpll~PLL_OUTPUT_COUNTER|divclk'
Slack : -7.512
TNS   : -470.139

Type  : Slow 1100mV 0C Model Setup 'clk_div:inst5|clock_10Hz'
Slack : -1.565
TNS   : -33.799

Type  : Slow 1100mV 0C Model Hold 'inst1|pll_main_inst|altera_pll_i|general[0].gpll~PLL_OUTPUT_COUNTER|divclk'
Slack : -4.642
TNS   : -82.951

Type  : Slow 1100mV 0C Model Hold 'SCOMP:inst|IO_CYCLE'
Slack : -2.113
TNS   : -11.184

Type  : Slow 1100mV 0C Model Hold 'clk_div:inst5|clock_10Hz'
Slack : 0.309
TNS   : 0.000

Type  : Slow 1100mV 0C Model Recovery 'clk_div:inst5|clock_10Hz'
Slack : -8.527
TNS   : -238.681

Type  : Slow 1100mV 0C Model Removal 'clk_div:inst5|clock_10Hz'
Slack : 0.833
TNS   : 0.000

Type  : Slow 1100mV 0C Model Minimum Pulse Width 'SCOMP:inst|IO_CYCLE'
Slack : -0.394
TNS   : -25.861

Type  : Slow 1100mV 0C Model Minimum Pulse Width 'clk_div:inst5|clock_10Hz'
Slack : -0.394
TNS   : -14.341

Type  : Slow 1100mV 0C Model Minimum Pulse Width 'inst1|pll_main_inst|altera_pll_i|general[0].gpll~FRACTIONAL_PLL|vcoph[0]'
Slack : 1.666
TNS   : 0.000

Type  : Slow 1100mV 0C Model Minimum Pulse Width 'clock_50'
Slack : 9.673
TNS   : 0.000

Type  : Slow 1100mV 0C Model Minimum Pulse Width 'inst1|pll_main_inst|altera_pll_i|general[0].gpll~PLL_OUTPUT_COUNTER|divclk'
Slack : 48.760
TNS   : 0.000

Type  : Fast 1100mV 85C Model Setup 'SCOMP:inst|IO_CYCLE'
Slack : -6.881
TNS   : -226.675

Type  : Fast 1100mV 85C Model Setup 'inst1|pll_main_inst|altera_pll_i|general[0].gpll~PLL_OUTPUT_COUNTER|divclk'
Slack : -5.735
TNS   : -388.211

Type  : Fast 1100mV 85C Model Setup 'clk_div:inst5|clock_10Hz'
Slack : -0.397
TNS   : -7.193

Type  : Fast 1100mV 85C Model Hold 'inst1|pll_main_inst|altera_pll_i|general[0].gpll~PLL_OUTPUT_COUNTER|divclk'
Slack : -2.480
TNS   : -23.664

Type  : Fast 1100mV 85C Model Hold 'SCOMP:inst|IO_CYCLE'
Slack : -1.522
TNS   : -7.558

Type  : Fast 1100mV 85C Model Hold 'clk_div:inst5|clock_10Hz'
Slack : 0.120
TNS   : 0.000

Type  : Fast 1100mV 85C Model Recovery 'clk_div:inst5|clock_10Hz'
Slack : -4.374
TNS   : -122.453

Type  : Fast 1100mV 85C Model Removal 'clk_div:inst5|clock_10Hz'
Slack : 0.290
TNS   : 0.000

Type  : Fast 1100mV 85C Model Minimum Pulse Width 'SCOMP:inst|IO_CYCLE'
Slack : -0.150
TNS   : -1.105

Type  : Fast 1100mV 85C Model Minimum Pulse Width 'clk_div:inst5|clock_10Hz'
Slack : 0.150
TNS   : 0.000

Type  : Fast 1100mV 85C Model Minimum Pulse Width 'inst1|pll_main_inst|altera_pll_i|general[0].gpll~FRACTIONAL_PLL|vcoph[0]'
Slack : 1.666
TNS   : 0.000

Type  : Fast 1100mV 85C Model Minimum Pulse Width 'clock_50'
Slack : 9.336
TNS   : 0.000

Type  : Fast 1100mV 85C Model Minimum Pulse Width 'inst1|pll_main_inst|altera_pll_i|general[0].gpll~PLL_OUTPUT_COUNTER|divclk'
Slack : 48.894
TNS   : 0.000

Type  : Fast 1100mV 0C Model Setup 'SCOMP:inst|IO_CYCLE'
Slack : -6.347
TNS   : -209.689

Type  : Fast 1100mV 0C Model Setup 'inst1|pll_main_inst|altera_pll_i|general[0].gpll~PLL_OUTPUT_COUNTER|divclk'
Slack : -4.770
TNS   : -311.581

Type  : Fast 1100mV 0C Model Setup 'clk_div:inst5|clock_10Hz'
Slack : -0.380
TNS   : -6.531

Type  : Fast 1100mV 0C Model Hold 'inst1|pll_main_inst|altera_pll_i|general[0].gpll~PLL_OUTPUT_COUNTER|divclk'
Slack : -2.540
TNS   : -35.933

Type  : Fast 1100mV 0C Model Hold 'SCOMP:inst|IO_CYCLE'
Slack : -1.402
TNS   : -7.182

Type  : Fast 1100mV 0C Model Hold 'clk_div:inst5|clock_10Hz'
Slack : 0.102
TNS   : 0.000

Type  : Fast 1100mV 0C Model Recovery 'clk_div:inst5|clock_10Hz'
Slack : -4.174
TNS   : -116.853

Type  : Fast 1100mV 0C Model Removal 'clk_div:inst5|clock_10Hz'
Slack : 0.242
TNS   : 0.000

Type  : Fast 1100mV 0C Model Minimum Pulse Width 'SCOMP:inst|IO_CYCLE'
Slack : -0.097
TNS   : -0.461

Type  : Fast 1100mV 0C Model Minimum Pulse Width 'clk_div:inst5|clock_10Hz'
Slack : 0.147
TNS   : 0.000

Type  : Fast 1100mV 0C Model Minimum Pulse Width 'inst1|pll_main_inst|altera_pll_i|general[0].gpll~FRACTIONAL_PLL|vcoph[0]'
Slack : 1.666
TNS   : 0.000

Type  : Fast 1100mV 0C Model Minimum Pulse Width 'clock_50'
Slack : 9.286
TNS   : 0.000

Type  : Fast 1100mV 0C Model Minimum Pulse Width 'inst1|pll_main_inst|altera_pll_i|general[0].gpll~PLL_OUTPUT_COUNTER|divclk'
Slack : 48.891
TNS   : 0.000

------------------------------------------------------------
