------------------------------------------------------------
Timing Analyzer Summary
------------------------------------------------------------

Type  : Slow 1100mV 85C Model Setup 'SCOMP:inst|IO_CYCLE'
Slack : -11.988
TNS   : -531.736

Type  : Slow 1100mV 85C Model Setup 'inst1|pll_main_inst|altera_pll_i|general[0].gpll~PLL_OUTPUT_COUNTER|divclk'
Slack : -9.086
TNS   : -576.021

Type  : Slow 1100mV 85C Model Setup 'clk_div:inst5|clock_10Hz'
Slack : -1.933
TNS   : -39.117

Type  : Slow 1100mV 85C Model Hold 'inst1|pll_main_inst|altera_pll_i|general[0].gpll~PLL_OUTPUT_COUNTER|divclk'
Slack : -4.725
TNS   : -183.874

Type  : Slow 1100mV 85C Model Hold 'SCOMP:inst|IO_CYCLE'
Slack : -1.475
TNS   : -15.414

Type  : Slow 1100mV 85C Model Hold 'clk_div:inst5|clock_10Hz'
Slack : 0.416
TNS   : 0.000

Type  : Slow 1100mV 85C Model Recovery 'SCOMP:inst|IO_CYCLE'
Slack : -11.837
TNS   : -90.206

Type  : Slow 1100mV 85C Model Recovery 'clk_div:inst5|clock_10Hz'
Slack : -8.962
TNS   : -215.018

Type  : Slow 1100mV 85C Model Removal 'SCOMP:inst|IO_CYCLE'
Slack : 0.342
TNS   : 0.000

Type  : Slow 1100mV 85C Model Removal 'clk_div:inst5|clock_10Hz'
Slack : 0.754
TNS   : 0.000

Type  : Slow 1100mV 85C Model Minimum Pulse Width 'SCOMP:inst|IO_CYCLE'
Slack : -0.537
TNS   : -30.838

Type  : Slow 1100mV 85C Model Minimum Pulse Width 'clk_div:inst5|clock_10Hz'
Slack : -0.394
TNS   : -12.288

Type  : Slow 1100mV 85C Model Minimum Pulse Width 'inst1|pll_main_inst|altera_pll_i|general[0].gpll~FRACTIONAL_PLL|vcoph[0]'
Slack : 1.666
TNS   : 0.000

Type  : Slow 1100mV 85C Model Minimum Pulse Width 'clock_50'
Slack : 9.670
TNS   : 0.000

Type  : Slow 1100mV 85C Model Minimum Pulse Width 'inst1|pll_main_inst|altera_pll_i|general[0].gpll~PLL_OUTPUT_COUNTER|divclk'
Slack : 48.775
TNS   : 0.000

Type  : Slow 1100mV 0C Model Setup 'SCOMP:inst|IO_CYCLE'
Slack : -11.794
TNS   : -524.902

Type  : Slow 1100mV 0C Model Setup 'inst1|pll_main_inst|altera_pll_i|general[0].gpll~PLL_OUTPUT_COUNTER|divclk'
Slack : -8.695
TNS   : -536.604

Type  : Slow 1100mV 0C Model Setup 'clk_div:inst5|clock_10Hz'
Slack : -2.037
TNS   : -40.822

Type  : Slow 1100mV 0C Model Hold 'inst1|pll_main_inst|altera_pll_i|general[0].gpll~PLL_OUTPUT_COUNTER|divclk'
Slack : -4.722
TNS   : -194.134

Type  : Slow 1100mV 0C Model Hold 'SCOMP:inst|IO_CYCLE'
Slack : -1.541
TNS   : -16.484

Type  : Slow 1100mV 0C Model Hold 'clk_div:inst5|clock_10Hz'
Slack : 0.399
TNS   : 0.000

Type  : Slow 1100mV 0C Model Recovery 'SCOMP:inst|IO_CYCLE'
Slack : -11.650
TNS   : -89.137

Type  : Slow 1100mV 0C Model Recovery 'clk_div:inst5|clock_10Hz'
Slack : -8.919
TNS   : -213.988

Type  : Slow 1100mV 0C Model Removal 'SCOMP:inst|IO_CYCLE'
Slack : 0.325
TNS   : 0.000

Type  : Slow 1100mV 0C Model Removal 'clk_div:inst5|clock_10Hz'
Slack : 0.782
TNS   : 0.000

Type  : Slow 1100mV 0C Model Minimum Pulse Width 'SCOMP:inst|IO_CYCLE'
Slack : -0.476
TNS   : -29.038

Type  : Slow 1100mV 0C Model Minimum Pulse Width 'clk_div:inst5|clock_10Hz'
Slack : -0.394
TNS   : -12.448

Type  : Slow 1100mV 0C Model Minimum Pulse Width 'inst1|pll_main_inst|altera_pll_i|general[0].gpll~FRACTIONAL_PLL|vcoph[0]'
Slack : 1.666
TNS   : 0.000

Type  : Slow 1100mV 0C Model Minimum Pulse Width 'clock_50'
Slack : 9.673
TNS   : 0.000

Type  : Slow 1100mV 0C Model Minimum Pulse Width 'inst1|pll_main_inst|altera_pll_i|general[0].gpll~PLL_OUTPUT_COUNTER|divclk'
Slack : 48.751
TNS   : 0.000

Type  : Fast 1100mV 85C Model Setup 'SCOMP:inst|IO_CYCLE'
Slack : -6.857
TNS   : -294.715

Type  : Fast 1100mV 85C Model Setup 'inst1|pll_main_inst|altera_pll_i|general[0].gpll~PLL_OUTPUT_COUNTER|divclk'
Slack : -6.120
TNS   : -418.170

Type  : Fast 1100mV 85C Model Setup 'clk_div:inst5|clock_10Hz'
Slack : -0.733
TNS   : -14.301

Type  : Fast 1100mV 85C Model Hold 'inst1|pll_main_inst|altera_pll_i|general[0].gpll~PLL_OUTPUT_COUNTER|divclk'
Slack : -2.720
TNS   : -95.114

Type  : Fast 1100mV 85C Model Hold 'SCOMP:inst|IO_CYCLE'
Slack : -1.090
TNS   : -10.749

Type  : Fast 1100mV 85C Model Hold 'clk_div:inst5|clock_10Hz'
Slack : 0.160
TNS   : 0.000

Type  : Fast 1100mV 85C Model Recovery 'SCOMP:inst|IO_CYCLE'
Slack : -6.807
TNS   : -51.202

Type  : Fast 1100mV 85C Model Recovery 'clk_div:inst5|clock_10Hz'
Slack : -4.635
TNS   : -111.223

Type  : Fast 1100mV 85C Model Removal 'clk_div:inst5|clock_10Hz'
Slack : 0.237
TNS   : 0.000

Type  : Fast 1100mV 85C Model Removal 'SCOMP:inst|IO_CYCLE'
Slack : 0.385
TNS   : 0.000

Type  : Fast 1100mV 85C Model Minimum Pulse Width 'SCOMP:inst|IO_CYCLE'
Slack : -0.281
TNS   : -3.576

Type  : Fast 1100mV 85C Model Minimum Pulse Width 'clk_div:inst5|clock_10Hz'
Slack : 0.131
TNS   : 0.000

Type  : Fast 1100mV 85C Model Minimum Pulse Width 'inst1|pll_main_inst|altera_pll_i|general[0].gpll~FRACTIONAL_PLL|vcoph[0]'
Slack : 1.666
TNS   : 0.000

Type  : Fast 1100mV 85C Model Minimum Pulse Width 'clock_50'
Slack : 9.336
TNS   : 0.000

Type  : Fast 1100mV 85C Model Minimum Pulse Width 'inst1|pll_main_inst|altera_pll_i|general[0].gpll~PLL_OUTPUT_COUNTER|divclk'
Slack : 48.888
TNS   : 0.000

Type  : Fast 1100mV 0C Model Setup 'SCOMP:inst|IO_CYCLE'
Slack : -6.317
TNS   : -273.851

Type  : Fast 1100mV 0C Model Setup 'inst1|pll_main_inst|altera_pll_i|general[0].gpll~PLL_OUTPUT_COUNTER|divclk'
Slack : -5.028
TNS   : -341.715

Type  : Fast 1100mV 0C Model Setup 'clk_div:inst5|clock_10Hz'
Slack : -0.673
TNS   : -12.765

Type  : Fast 1100mV 0C Model Hold 'inst1|pll_main_inst|altera_pll_i|general[0].gpll~PLL_OUTPUT_COUNTER|divclk'
Slack : -2.706
TNS   : -104.645

Type  : Fast 1100mV 0C Model Hold 'SCOMP:inst|IO_CYCLE'
Slack : -1.028
TNS   : -10.373

Type  : Fast 1100mV 0C Model Hold 'clk_div:inst5|clock_10Hz'
Slack : 0.142
TNS   : 0.000

Type  : Fast 1100mV 0C Model Recovery 'SCOMP:inst|IO_CYCLE'
Slack : -6.332
TNS   : -47.872

Type  : Fast 1100mV 0C Model Recovery 'clk_div:inst5|clock_10Hz'
Slack : -4.388
TNS   : -105.288

Type  : Fast 1100mV 0C Model Removal 'clk_div:inst5|clock_10Hz'
Slack : 0.212
TNS   : 0.000

Type  : Fast 1100mV 0C Model Removal 'SCOMP:inst|IO_CYCLE'
Slack : 0.362
TNS   : 0.000

Type  : Fast 1100mV 0C Model Minimum Pulse Width 'SCOMP:inst|IO_CYCLE'
Slack : -0.182
TNS   : -1.665

Type  : Fast 1100mV 0C Model Minimum Pulse Width 'clk_div:inst5|clock_10Hz'
Slack : 0.129
TNS   : 0.000

Type  : Fast 1100mV 0C Model Minimum Pulse Width 'inst1|pll_main_inst|altera_pll_i|general[0].gpll~FRACTIONAL_PLL|vcoph[0]'
Slack : 1.666
TNS   : 0.000

Type  : Fast 1100mV 0C Model Minimum Pulse Width 'clock_50'
Slack : 9.286
TNS   : 0.000

Type  : Fast 1100mV 0C Model Minimum Pulse Width 'inst1|pll_main_inst|altera_pll_i|general[0].gpll~PLL_OUTPUT_COUNTER|divclk'
Slack : 48.887
TNS   : 0.000

------------------------------------------------------------
